# SQL commands run once at startup, before the server listens. Attach the
# backend here, READ_ONLY.
commands:
  -
    # Name of the command for reference.
    name: <string>
    # SQL statements to execute.
    sql: <string>
# What to serve, to whom, and within which limits.
serve:
  # Names this server in its logs.
  name: <string>
  # Where to listen, and which browser origins may call.
  http:
    # host:port to listen on. Defaults to 0.0.0.0:8080.
    addr: <string>
    # Browser origins allowed to call. Omit to send no CORS headers.
    cors:
      # Exact origins, such as https://turbolytics.io: a scheme, a host and an
      # optional port. No path and no wildcard.
      allowed_origins:
        - <array>
  # The callers the server answers, each known by its id.
  clients:
    -
      # Names the client in the request log.
      name: <string>
      # The value a client sends as ?client_id=<id>. It identifies and does not
      # authenticate: a browser page ships it in plain sight, as an analytics
      # snippet ships its site key. It exists so the log names the caller and so
      # one caller can be cut off by changing the value.
      id: <string>
  # Deprecated: the bearer tokens of a config written before clients. Each
  # token is a client whose id is the token's value. Move the entries to
  # clients; the next release removes auth.
  auth:
    # One entry per client identity.
    tokens:
      -
        # Names the client in the request log.
        name: <string>
        # The client's id, under its old name.
        token: <string>
  # Limits for every dataset. A dataset's own non-zero limit overrides one.
  limits:
    # Most rows one response carries. 0 means 10000. A cut result says
    # truncated: true.
    max_rows: <integer>
    # Longest a caller waits for a query, in seconds. 0 means 10. The query
    # itself runs to completion: DuckDB cannot be cancelled.
    timeout_seconds: <integer>
    # Reserved. Parsed so a config written now keeps its shape; refused when
    # any field is non-zero.
    rate_limit:
      # Reserved. Must be 0.
      requests_per_second: <number>
      # Reserved. Must be 0.
      burst: <integer>
  # How many requests the server runs at once. Omit for the default.
  pool:
    # Sessions the server holds. Each is one backend session, and one
    # request uses one at a time, so this is the requests that run at once.
    # 0 means the default, 4.
    size: <integer>
  # Whether to serve Prometheus metrics at /metrics.
  metrics:
    # Serve GET /metrics on the same listener as the datasets, without a
    # token. Off by default: that listener is public, and the metric labels
    # name every dataset and grain.
    enabled: <boolean>
  # Where this instance reports itself, the same block `run` takes.
  turbostats:
    # ID is the operator's name for this instance. The receiver files a
    # bundle under it, so reporting without one cannot be filed at all.
    id: <string>
    # ReportTo is where bundles are posted. Empty means reporting is off,
    # which is the ordinary case for an instance with no control plane.
    report_to: <string>
    # Key is the credential the control plane issued. It is the private half
    # of an Ed25519 keypair and belongs in an environment variable, which the
    # template renders in.
    key: <string>
    # IntervalSeconds is how often to report. Absent means the default.
    interval_seconds: <integer>
    # Labels are the operator's own, copied into every report, so a fleet
    # can be filtered by region, tenant or environment.
    # At most 10. A key is lower case, starts with a letter, and is at most
    # 32 characters of [a-z0-9_]. A value is at most 64 characters. A key
    # the bundle already carries is refused: id, name, version, commit,
    # arch, config_hash, source_type, sink_type, handler_type.
    # They are fixed for the life of the process: a receiver stores a series
    # per field, and a set that changed mid-run would split one instance's
    # history in two.
    labels:
      <name>:
  # Bounds the response cache. It does not enable it: a dataset opts in
  # with its own cache block.
  cache:
    # The most the cache holds, in MiB. 0 means 16.
    max_mb: <integer>
  # The datasets this server answers. Nothing else is reachable.
  datasets:
    -
      # The URL path segment: /v1/datasets/<name>. Lowercase letters, digits
      # and underscores, starting with a letter.
      name: <string>
      # Shown in /v1/datasets.
      description: <string>
      # Query parameters the SQL reads as $name. Every statement must use every
      # param. An absent param binds NULL; default it in SQL with coalesce.
      params:
        -
          # The query parameter name, and the $name the SQL reads.
          name: <string>
          # How the value parses and binds: string as VARCHAR, integer as BIGINT,
          # timestamp (RFC 3339 with an offset) as TIMESTAMP WITH TIME ZONE.
          type: string | integer | timestamp
          # The smallest value an integer param accepts. A request below it is
          # refused with 400 invalid_param, never clamped: a clamp answers with less
          # than the caller asked for and does not say so.
          min: <integer>
          # The largest value an integer param accepts, refused the same way.
          max: <integer>
      # Overrides the top-level limits for this dataset.
      limits:
        # Most rows one response carries. 0 means 10000. A cut result says
        # truncated: true.
        max_rows: <integer>
        # Longest a caller waits for a query, in seconds. 0 means 10. The query
        # itself runs to completion: DuckDB cannot be cancelled.
        timeout_seconds: <integer>
        # Reserved. Parsed so a config written now keeps its shape; refused when
        # any field is non-zero.
        rate_limit:
          # Reserved. Must be 0.
          requests_per_second: <number>
          # Reserved. Must be 0.
          burst: <integer>
      # Opts the dataset into the response cache. Absent, every request runs
      # its query.
      cache:
        # How long an answer is served after the query that produced it
        # started, in seconds. At least 1.
        ttl_seconds: <integer>
      # The statement, for a dataset without grains. Set sql or grains.
      sql: <string>
      # One statement per grain, selected by ?grain=<name>. Set sql or grains.
      grains:
        <name>:
          # How wide one bucket of this grain is, such as 5m. Required on every
          # grain of a cached dataset with a range, and refused without a range.
          # It must divide one day. Units: s, m, h, d.
          bucket: <string>
          # Holds this grain's answers for its own number of seconds rather than
          # the dataset's. A coarse grain changes by one open bucket, so it can be
          # held far longer than a fine one. Refused unless the dataset has a
          # cache block: that block is the opt-in.
          cache:
            # How long an answer is served after the query that produced it
            # started, in seconds. At least 1.
            ttl_seconds: <integer>
          # The widest range this grain serves, such as 14d. Required when the
          # dataset declares a range, and refused otherwise. Units: s, m, h, d.
          max_range: <string>
          # The statement for this grain.
          sql: <string>
      # Names the params that bound a time range. With a range, a request may
      # omit grain: the server picks the finest grain whose max_range covers
      # the requested range. Requires grains.
      range:
        # The timestamp param that starts the range. Absent from a request, it
        # binds until minus default.
        since: <string>
        # The timestamp param that ends the range. Absent from a request, it
        # binds the time the request arrived.
        until: <string>
        # The width of a range a request does not bound with since, such as 24h.
        # Units: s, m, h, d.
        default: <string>
