system.batch.internal
system.internal.unexpected
system.sink.internal
system.sink.unreachable
system.sink.write_failed
system.source.internal
system.source.unreachable
system.state.commit_failed
system.state.corrupt
system.state.internal
user.config.invalid
user.config.not_found
user.config.parse_failed
user.sink.invalid
user.source.invalid
user.sql.bind_failed
user.sql.invalid
user.sql.type_unsupported
